[www.arcelonutrifoods.com/index.html]
[gmpg.org/xfn/11.html]
[backblue.gif]
[fade.gif]
[index.html]
[www.arcelonutrifoods.com/wp-content/themes/freshio/assets/fonts/freshio-icon.woff2]
[fonts.googleapis.com/index.html]
[www.arcelonutrifoods.com/feed/index.html]
[www.arcelonutrifoods.com/comments/feed/index.html]
[www.arcelonutrifoods.com/wp-content/plugins/woocommerce/assets/fonts/WooCommerce.eot]
[www.arcelonutrifoods.com/wp-content/plugins/woocommerce/assets/fonts/WooCommerced41d.eot]
[www.arcelonutrifoods.com/wp-content/plugins/woocommerce/assets/fonts/WooCommerce.woff]
[www.arcelonutrifoods.com/wp-content/plugins/woocommerce/assets/fonts/WooCommerce.ttf]
[www.arcelonutrifoods.com/wp-includes/js/jquery/jquery.min3088.js]
[www.arcelonutrifoods.com/wp-includes/js/jquery/jquery-migrate.min5589.js]
[www.arcelonutrifoods.com/wp-content/plugins/aco-product-labels-for-woocommerce/assets/js/frontend1efe.js]
[www.arcelonutrifoods.com/wp-json/index.html]
[www.arcelonutrifoods.com/wp-json/wp/v2/pages/59.json]
[www.arcelonutrifoods.com/xmlrpc0db0.php]
[www.arcelonutrifoods.com/wp-json/oembed/1.0/embedbd91.json]
[www.arcelonutrifoods.com/wp-json/oembed/1.0/embedfc28]
[www.arcelonutrifoods.com/wp-content/uploads/2020/08/Arcelo_favicon_32px.png]
[www.arcelonutrifoods.com/wp-content/uploads/2020/08/FAQs.jpg]
[www.arcelonutrifoods.com/wp-content/uploads/2020/08/breadcrumb_woo.jpg]
[www.arcelonutrifoods.com/wp-content/uploads/2020/08/Arcelo-Logo_TM.png]
[www.arcelonutrifoods.com/wp-content/plugins/revslider/public/assets/assets/dummy.png]
[www.arcelonutrifoods.com/my-account/index.html]
[www.arcelonutrifoods.com/wishlist/WOOSW/index.html]
[www.arcelonutrifoods.com/wp-content/uploads/2021/11/Home-Image-1.png]
[www.arcelonutrifoods.com/cart/index.html]
[www.arcelonutrifoods.com/shop/index.html]
[www.arcelonutrifoods.com/about-us/index.html]
[www.arcelonutrifoods.com/wp-content/uploads/2022/04/natural-creamy-450x450.jpg]
[www.arcelonutrifoods.com/product/natural-creamy/index.html]
[www.arcelonutrifoods.com/product/classic-creamy/index.html]
[www.arcelonutrifoods.com/wp-content/uploads/2021/11/natural-creamy-500-450x450.jpg]
[www.arcelonutrifoods.com/product/natural-crunchy/index.html]
[www.arcelonutrifoods.com/product/chocolate-creamy/index.html]
[www.arcelonutrifoods.com/product/classic-crunchy/index.html]
[www.arcelonutrifoods.com/product/chocolate-crunchy/index.html]
[www.arcelonutrifoods.com/wp-content/uploads/2022/04/natural-creamy-150x150.jpg]
[www.arcelonutrifoods.com/wp-content/uploads/2021/11/Classic-Creamy_1-450x450.png]
[www.arcelonutrifoods.com/wp-content/uploads/2022/04/classic-creamy500-450x450.jpg]
[www.arcelonutrifoods.com/certificates/index.html]
[www.arcelonutrifoods.com/wp-content/uploads/2021/11/Classic-Creamy_1-150x150.png]
[www.arcelonutrifoods.com/contact-us/index.html]
[www.arcelonutrifoods.com/wp-content/uploads/2022/04/Chocolate-Creamy_1-450x450.png]
[www.arcelonutrifoods.com/wp-content/uploads/2022/04/chocolate-creamy500-450x450.jpg]
[www.arcelonutrifoods.com/wp-content/uploads/2022/04/Chocolate-Creamy_1-150x150.png]
[www.arcelonutrifoods.com/wp-content/uploads/2021/11/Natural-Crunchy_1-450x450.png]
[www.arcelonutrifoods.com/wp-content/uploads/2022/04/natural-crunchy500-450x450.jpg]
[www.arcelonutrifoods.com/wp-content/uploads/2021/11/Natural-Crunchy_1-150x150.png]
[www.arcelonutrifoods.com/wp-content/uploads/2021/11/Classic-Crunchy_1-450x450.png]
[www.arcelonutrifoods.com/wp-content/uploads/2022/04/classic-crunchy500-450x450.jpg]
[www.arcelonutrifoods.com/wp-content/uploads/2021/11/Classic-Crunchy_1-150x150.png]
[www.arcelonutrifoods.com/wp-content/uploads/2022/04/Chocolate-Crunchy_1-450x450.png]
[www.arcelonutrifoods.com/wp-content/uploads/2022/04/chocolate-crunchy500-450x450.jpg]
[www.arcelonutrifoods.com/wp-content/uploads/2022/04/Chocolate-Crunchy_1-150x150.png]
[www.arcelonutrifoods.com/wp-content/uploads/2020/08/h3_leaf-4.png]
[www.arcelonutrifoods.com/wp-content/uploads/2020/08/h3_leaf-2.png]
[www.arcelonutrifoods.com/wp-content/uploads/2020/08/h3_leaf-1.png]
[www.arcelonutrifoods.com/wp-content/uploads/2020/08/text2-h2.png]
[www.arcelonutrifoods.com/wp-content/uploads/2020/08/payment_1-1.png]
[www.arcelonutrifoods.com/refund-policy/index.html]
[www.arcelonutrifoods.com/wp-content/plugins/revslider/public/assets/fonts/revicons/revicons90c6.woff]
[www.arcelonutrifoods.com/terms-and-conditions/index.html]
[www.arcelonutrifoods.com/my-account/lost-password/index.html]
[www.arcelonutrifoods.com/shipping-policy/index.html]
[www.arcelonutrifoods.com/privacy-policy-2/index.html]
[www.arcelonutrifoods.com/wp-content/plugins/revslider/public/assets/js/rbtools.minb134.js]
[www.arcelonutrifoods.com/wp-content/plugins/revslider/public/assets/js/rs6.minb134.js]
[www.arcelonutrifoods.com/wp-content/plugins/woocommerce/assets/js/jquery-blockui/jquery.blockUI.min633e.js]
[www.arcelonutrifoods.com/wp-content/plugins/woocommerce/assets/js/frontend/add-to-cart.minb6a4.js]
[www.arcelonutrifoods.com/wp-content/plugins/woocommerce/assets/js/js-cookie/js.cookie.min88a5.js]
[www.arcelonutrifoods.com/wp-content/plugins/woocommerce/assets/js/frontend/woocommerce.minb6a4.js]
[www.arcelonutrifoods.com/wp-content/plugins/woocommerce/assets/js/frontend/cart-fragments.minb6a4.js]
[www.arcelonutrifoods.com/wp-includes/js/underscore.mind584.js]
[www.arcelonutrifoods.com/wp-includes/js/wp-util.mine35d.js]
[www.arcelonutrifoods.com/wp-content/plugins/woo-variation-swatches/assets/js/frontend.min72ec.js]
[www.arcelonutrifoods.com/wp-content/plugins/woo-smart-compare/assets/libs/table-head-fixer/table-head-fixerfee8.js]
[www.arcelonutrifoods.com/wp-content/plugins/woo-smart-compare/assets/libs/perfect-scrollbar/js/perfect-scrollbar.jquery.minfee8.js]
[www.arcelonutrifoods.com/wp-includes/js/jquery/ui/core.min3f14.js]
[www.arcelonutrifoods.com/wp-includes/js/jquery/ui/mouse.min3f14.js]
[www.arcelonutrifoods.com/wp-includes/js/jquery/ui/sortable.min3f14.js]
[www.arcelonutrifoods.com/wp-content/plugins/woo-smart-compare/assets/js/frontendfee8.js]
[www.arcelonutrifoods.com/wp-content/plugins/woocommerce/assets/js/frontend/add-to-cart-variation.minb6a4.js]
[www.arcelonutrifoods.com/wp-content/themes/freshio/assets/js/vendor/slick.min2c00.js]
[www.arcelonutrifoods.com/wp-content/plugins/woo-smart-quick-view/assets/libs/magnific-popup/jquery.magnific-popup.min324d.js]
[www.arcelonutrifoods.com/wp-content/plugins/woo-smart-quick-view/assets/js/frontend324d.js]
[www.arcelonutrifoods.com/wp-content/plugins/woo-smart-wishlist/assets/js/frontend50fa.js]
[www.arcelonutrifoods.com/wp-content/themes/freshio/assets/js/frontend/main2c00.js]
[www.arcelonutrifoods.com/wp-content/themes/freshio/assets/js/skip-link-focus-fix.min08e0.js]
[www.arcelonutrifoods.com/wp-content/themes/freshio/assets/js/frontend/text-editor2c00.js]
[www.arcelonutrifoods.com/wp-content/themes/freshio/inc/megamenu/assets/js/frontend2c00.js]
[www.arcelonutrifoods.com/wp-content/themes/freshio/assets/js/frontend/login2c00.js]
[www.arcelonutrifoods.com/wp-content/themes/freshio/assets/js/woocommerce/header-cart.min2c00.js]
[www.arcelonutrifoods.com/wp-content/themes/freshio/assets/js/footer.min2c00.js]
[www.arcelonutrifoods.com/wp-content/themes/freshio/assets/js/tooltipster.bundle2c00.js]
[www.arcelonutrifoods.com/wp-content/themes/freshio/assets/js/woocommerce/main.min2c00.js]
[www.arcelonutrifoods.com/wp-content/themes/freshio/assets/js/woocommerce/quantity.min2c00.js]
[www.arcelonutrifoods.com/wp-content/plugins/woocommerce/assets/js/zoom/jquery.zoom.minea18.js]
[www.arcelonutrifoods.com/wp-content/plugins/woocommerce/assets/js/flexslider/jquery.flexslider.min2320.js]
[www.arcelonutrifoods.com/wp-content/plugins/woocommerce/assets/js/photoswipe/photoswipe.minc12f.js]
[www.arcelonutrifoods.com/wp-content/plugins/woocommerce/assets/js/photoswipe/photoswipe-ui-default.minc12f.js]
[www.arcelonutrifoods.com/wp-content/plugins/quick-view-and-buy-now-for-woocommerce/core/assets/libs/sweetalert2.minc358.js]
[www.arcelonutrifoods.com/wp-content/plugins/quick-view-and-buy-now-for-woocommerce/assets/dist/js/front/popup-single-product.minc358.js]
[www.arcelonutrifoods.com/wp-includes/js/dist/vendor/wp-polyfill-inert.min0226.js]
[www.arcelonutrifoods.com/wp-includes/js/dist/vendor/regenerator-runtime.min8fa4.js]
[www.arcelonutrifoods.com/wp-includes/js/dist/vendor/wp-polyfill.min2c7c.js]
[www.arcelonutrifoods.com/wp-includes/js/dist/hooks.min2ebd.js]
[www.arcelonutrifoods.com/wp-includes/js/dist/i18n.minf92f.js]
[www.arcelonutrifoods.com/wp-content/plugins/quick-view-and-buy-now-for-woocommerce/assets/dist/js/front/actions.minc358.js]
[www.arcelonutrifoods.com/wp-content/themes/freshio/assets/js/frontend/nav-mobile2c00.js]
[www.arcelonutrifoods.com/wp-content/themes/freshio/assets/js/frontend/sticky-header2c00.js]
[www.arcelonutrifoods.com/wp-content/plugins/elementor/assets/js/webpack.runtime.minf4e1.js]
[www.arcelonutrifoods.com/wp-content/plugins/elementor/assets/js/frontend-modules.minf4e1.js]
[www.arcelonutrifoods.com/wp-content/plugins/elementor/assets/lib/waypoints/waypoints.min05da.js]
[www.arcelonutrifoods.com/wp-content/plugins/elementor/assets/lib/swiper/swiper.min48f5.js]
[www.arcelonutrifoods.com/wp-content/plugins/elementor/assets/lib/share-link/share-link.minf4e1.js]
[www.arcelonutrifoods.com/wp-content/plugins/elementor/assets/lib/dialog/dialog.mind227.js]
[www.arcelonutrifoods.com/wp-content/plugins/elementor/assets/js/frontend.minf4e1.js]
[www.arcelonutrifoods.com/wp-content/themes/freshio/assets/js/elementor/product-tab2c00.js]
[www.arcelonutrifoods.com/wp-content/themes/freshio/assets/js/elementor/testimonial2c00.js]
[www.arcelonutrifoods.com/wp-content/plugins/elementor-pro/assets/js/webpack-pro.runtime.min5589.js]
[www.arcelonutrifoods.com/wp-content/plugins/elementor-pro/assets/js/frontend.min5589.js]
[www.arcelonutrifoods.com/wp-content/plugins/elementor-pro/assets/js/preloaded-elements-handlers.min5589.js]
[www.arcelonutrifoods.com/wp-content/plugins/elementor/assets/js/preloaded-modules.minf4e1.js]
[www.arcelonutrifoods.com/wp-content/plugins/elementor-pro/assets/lib/sticky/jquery.sticky.min5589.js]
[www.arcelonutrifoods.com/wp-content/themes/freshio/assets/js/elementor-frontend2c00.js]
[www.arcelonutrifoods.com/index.html]
[gmpg.org/xfn/default.css]
[gmpg.org/xfn/.html]
[gmpg.org/xfn/intro.html]
[gmpg.org/xfn/faq.html]
[gmpg.org/xfn/11.html]
[fonts.googleapis.com/index.html]
[s.w.org/index.html]
[www.arcelonutrifoods.com/wp-includes/css/dist/block-library/style.mine35d.css]
[www.arcelonutrifoods.com/wp-content/plugins/woocommerce/packages/woocommerce-blocks/build/wc-blocks-vendors-style4ae6.css]
[www.arcelonutrifoods.com/wp-content/plugins/woocommerce/packages/woocommerce-blocks/build/wc-blocks-style4ae6.css]
[www.arcelonutrifoods.com/wp-content/themes/freshio/assets/css/base/gutenberg-blocks2c00.css]
[www.arcelonutrifoods.com/wp-content/plugins/aco-product-labels-for-woocommerce/assets/css/frontend1efe.css]
[www.arcelonutrifoods.com/wp-content/plugins/woo-variation-swatches/assets/css/frontend.min72ec.css]
[www.arcelonutrifoods.com/wp-content/plugins/woo-smart-compare/assets/libs/hint/hint.mine35d.css]
[www.arcelonutrifoods.com/wp-content/plugins/woo-smart-compare/assets/libs/perfect-scrollbar/css/perfect-scrollbar.mine35d.css]
[www.arcelonutrifoods.com/wp-content/plugins/woo-smart-compare/assets/libs/perfect-scrollbar/css/custom-themee35d.css]
[www.arcelonutrifoods.com/wp-content/plugins/woo-smart-compare/assets/images/placeholder.png]
[www.arcelonutrifoods.com/wp-content/plugins/woo-smart-compare/assets/css/frontendfee8.css]
[www.arcelonutrifoods.com/wp-content/plugins/woo-smart-quick-view/assets/libs/slick/slicke35d.css]
[www.arcelonutrifoods.com/wp-content/plugins/woo-smart-quick-view/assets/libs/magnific-popup/magnific-popupe35d.css]
[www.arcelonutrifoods.com/wp-content/plugins/woo-smart-quick-view/assets/libs/feather/fonts/feather.eot]
[www.arcelonutrifoods.com/wp-content/plugins/woo-smart-quick-view/assets/libs/feather/fonts/feather.ttf]
[www.arcelonutrifoods.com/wp-content/plugins/woo-smart-quick-view/assets/libs/feather/fonts/feather.woff]
[www.arcelonutrifoods.com/wp-content/plugins/woo-smart-quick-view/assets/libs/feather/feathere35d.css]
[www.arcelonutrifoods.com/wp-content/plugins/woo-smart-quick-view/assets/css/frontend324d.css]
[www.arcelonutrifoods.com/wp-content/plugins/woo-smart-wishlist/assets/libs/feather/fonts/feather.eot]
[www.arcelonutrifoods.com/wp-content/plugins/woo-smart-wishlist/assets/libs/feather/fonts/feather.ttf]
[www.arcelonutrifoods.com/wp-content/plugins/woo-smart-wishlist/assets/libs/feather/fonts/feather.woff]
[www.arcelonutrifoods.com/wp-content/plugins/woo-smart-wishlist/assets/libs/feather/feathere35d.css]
[www.arcelonutrifoods.com/wp-content/plugins/woo-smart-wishlist/assets/css/frontend50fa.css]
[www.arcelonutrifoods.com/wp-content/plugins/yith-woocommerce-badges-management/assets/css/frontendd315.css]
[www.arcelonutrifoods.com/wp-content/plugins/yith-woocommerce-badges-management/assets/fonts/open-sans/open-sans-v27-latin-ext_latin-regular.eot]
[www.arcelonutrifoods.com/wp-content/plugins/yith-woocommerce-badges-management/assets/fonts/open-sans/open-sans-v27-latin-ext_latin-regulard41d.eot]
[www.arcelonutrifoods.com/wp-content/plugins/yith-woocommerce-badges-management/assets/fonts/open-sans/open-sans-v27-latin-ext_latin-regular.woff2]
[www.arcelonutrifoods.com/wp-content/plugins/yith-woocommerce-badges-management/assets/fonts/open-sans/open-sans-v27-latin-ext_latin-regular.woff]
[www.arcelonutrifoods.com/wp-content/plugins/yith-woocommerce-badges-management/assets/fonts/open-sans/open-sans-v27-latin-ext_latin-regular.ttf]
[www.arcelonutrifoods.com/wp-content/plugins/yith-woocommerce-badges-management/assets/fonts/open-sans/open-sans-v27-latin-ext_latin-700.eot]
[www.arcelonutrifoods.com/wp-content/plugins/yith-woocommerce-badges-management/assets/fonts/open-sans/open-sans-v27-latin-ext_latin-700d41d.eot]
[www.arcelonutrifoods.com/wp-content/plugins/yith-woocommerce-badges-management/assets/fonts/open-sans/open-sans-v27-latin-ext_latin-700.woff2]
[www.arcelonutrifoods.com/wp-content/plugins/yith-woocommerce-badges-management/assets/fonts/open-sans/open-sans-v27-latin-ext_latin-700.woff]
[www.arcelonutrifoods.com/wp-content/plugins/yith-woocommerce-badges-management/assets/fonts/open-sans/open-sans-v27-latin-ext_latin-700.ttf]
[www.arcelonutrifoods.com/wp-content/plugins/yith-woocommerce-badges-management/assets/fonts/open-sans/open-sans-v27-latin-ext_latin-italic.eot]
[www.arcelonutrifoods.com/wp-content/plugins/yith-woocommerce-badges-management/assets/fonts/open-sans/open-sans-v27-latin-ext_latin-italicd41d.eot]
[www.arcelonutrifoods.com/wp-content/plugins/yith-woocommerce-badges-management/assets/fonts/open-sans/open-sans-v27-latin-ext_latin-italic.woff2]
[www.arcelonutrifoods.com/wp-content/plugins/yith-woocommerce-badges-management/assets/fonts/open-sans/open-sans-v27-latin-ext_latin-italic.woff]
[www.arcelonutrifoods.com/wp-content/plugins/yith-woocommerce-badges-management/assets/fonts/open-sans/open-sans-v27-latin-ext_latin-italic.ttf]
[www.arcelonutrifoods.com/wp-content/plugins/yith-woocommerce-badges-management/assets/fonts/open-sans/open-sans-v27-latin-ext_latin-700italic.eot]
[www.arcelonutrifoods.com/wp-content/plugins/yith-woocommerce-badges-management/assets/fonts/open-sans/open-sans-v27-latin-ext_latin-700italicd41d.eot]
[www.arcelonutrifoods.com/wp-content/plugins/yith-woocommerce-badges-management/assets/fonts/open-sans/open-sans-v27-latin-ext_latin-700italic.woff2]
[www.arcelonutrifoods.com/wp-content/plugins/yith-woocommerce-badges-management/assets/fonts/open-sans/open-sans-v27-latin-ext_latin-700italic.woff]
[www.arcelonutrifoods.com/wp-content/plugins/yith-woocommerce-badges-management/assets/fonts/open-sans/open-sans-v27-latin-ext_latin-700italic.ttf]
[www.arcelonutrifoods.com/wp-content/plugins/yith-woocommerce-badges-management/assets/fonts/open-sans/styled315.css]
[www.arcelonutrifoods.com/wp-content/themes/freshio/assets/fonts/new/Greatest Richmond.woff]
[www.arcelonutrifoods.com/wp-content/themes/freshio/assets/fonts/new/MazzardSoftH-Regular.eot]
[www.arcelonutrifoods.com/wp-content/themes/freshio/assets/fonts/new/MazzardSoftH-Regulard41d.eot]
[www.arcelonutrifoods.com/wp-content/themes/freshio/assets/fonts/new/MazzardSoftH-Regular.woff2]
[www.arcelonutrifoods.com/wp-content/themes/freshio/assets/fonts/new/MazzardSoftH-Regular.woff]
[www.arcelonutrifoods.com/wp-content/themes/freshio/assets/fonts/new/MazzardSoftH-Regular.ttf]
[www.arcelonutrifoods.com/wp-content/themes/freshio/assets/fonts/new/MazzardSoftH-Bold.eot]
[www.arcelonutrifoods.com/wp-content/themes/freshio/assets/fonts/new/MazzardSoftH-Boldd41d.eot]
[www.arcelonutrifoods.com/wp-content/themes/freshio/assets/fonts/new/MazzardSoftH-Bold.woff2]
[www.arcelonutrifoods.com/wp-content/themes/freshio/assets/fonts/new/MazzardSoftH-Bold.woff]
[www.arcelonutrifoods.com/wp-content/themes/freshio/assets/fonts/new/MazzardSoftH-Bold.ttf]
[www.arcelonutrifoods.com/wp-content/themes/freshio/assets/images/404/background_404.png]
[www.arcelonutrifoods.com/wp-content/themes/freshio/assets/images/base/select_arrow.png]
[www.arcelonutrifoods.com/wp-content/themes/freshio/assets/images/slick/ajax-loader.gif]
[www.arcelonutrifoods.com/wp-content/themes/freshio/assets/fonts/slick.eot]
[www.arcelonutrifoods.com/wp-content/themes/freshio/assets/fonts/slickd41d.eot]
[www.arcelonutrifoods.com/wp-content/themes/freshio/assets/fonts/slick.woff]
[www.arcelonutrifoods.com/wp-content/themes/freshio/assets/fonts/slick.ttf]
[www.arcelonutrifoods.com/wp-content/themes/freshio/assets/fonts/freshio-icon.eot]
[www.arcelonutrifoods.com/wp-content/themes/freshio/assets/fonts/freshio-icond41d.eot]
[www.arcelonutrifoods.com/wp-content/themes/freshio/assets/fonts/freshio-icon.woff]
[www.arcelonutrifoods.com/wp-content/themes/freshio/assets/fonts/freshio-icon.ttf]
[www.arcelonutrifoods.com/wp-content/uploads/2020/08/minus.png]
[www.arcelonutrifoods.com/wp-content/uploads/2020/08/plus.png]
[www.arcelonutrifoods.com/wp-content/themes/freshio/style2c00.css]
[www.arcelonutrifoods.com/wp-content/plugins/elementor/assets/css/frontend-legacy.minf4e1.css]
[www.arcelonutrifoods.com/wp-content/plugins/elementor/assets/css/frontend.minf4e1.css]
[www.arcelonutrifoods.com/wp-content/uploads/elementor/css/post-49019b5.css]
[www.arcelonutrifoods.com/wp-content/plugins/elementor/assets/lib/eicons/fonts/eicons5519.eot]
[www.arcelonutrifoods.com/wp-content/plugins/elementor/assets/lib/eicons/fonts/eicons5519.woff2]
[www.arcelonutrifoods.com/wp-content/plugins/elementor/assets/lib/eicons/fonts/eicons5519.woff]
[www.arcelonutrifoods.com/wp-content/plugins/elementor/assets/lib/eicons/fonts/eicons5519.ttf]
[www.arcelonutrifoods.com/wp-content/plugins/elementor/assets/lib/eicons/css/elementor-icons.min7816.css]
[www.arcelonutrifoods.com/wp-content/uploads/elementor/css/post-63323.css]
[www.arcelonutrifoods.com/wp-content/plugins/elementor-pro/assets/css/frontend.min5589.css]
[www.arcelonutrifoods.com/wp-content/uploads/elementor/css/globalcf8d.css]
[demo2wpopal.b-cdn.net/freshio/wp-content/uploads/2020/08/bg2-h4.jpg]
[www.arcelonutrifoods.com/wp-content/uploads/2021/11/Home-Image-2.png]
[www.arcelonutrifoods.com/wp-content/uploads/elementor/css/post-593323.css]
[www.arcelonutrifoods.com/wp-content/themes/freshio/assets/css/base/elementor2c00.css]
[www.arcelonutrifoods.com/wp-content/plugins/woocommerce/assets/fonts/star.eot]
[www.arcelonutrifoods.com/wp-content/plugins/woocommerce/assets/fonts/stard41d.eot]
[www.arcelonutrifoods.com/wp-content/plugins/woocommerce/assets/fonts/star.woff]
[www.arcelonutrifoods.com/wp-content/plugins/woocommerce/assets/fonts/star.ttf]
[www.arcelonutrifoods.com/wp-content/themes/freshio/assets/css/woocommerce/woocommerce2c00.css]
[www.arcelonutrifoods.com/wp-content/themes/freshio/assets/css/libs/tooltipster.bundle.min2c00.css]
[www.arcelonutrifoods.com/wp-content/themes/freshio-child/style2c00.css]
[www.arcelonutrifoods.com/wp-content/plugins/woo-min-max-quantity-step-control-single/assets/css/wcmmq-front8a54.css]
[www.arcelonutrifoods.com/wp-content/plugins/quick-view-and-buy-now-for-woocommerce/core/assets/libs/animate.minc358.css]
[www.arcelonutrifoods.com/wp-content/plugins/woocommerce/assets/fonts/WooCommerce.svg]
[www.arcelonutrifoods.com/wp-content/plugins/quick-view-and-buy-now-for-woocommerce/assets/dist/css/front/styles.minc358.css]
[www.arcelonutrifoods.com/wp-content/plugins/woocommerce/assets/css/photoswipe/default-skin/default-skin.png]
[www.arcelonutrifoods.com/wp-content/plugins/woocommerce/assets/css/photoswipe/photoswipe.minb6a4.css]
[www.arcelonutrifoods.com/wp-content/plugins/woocommerce/assets/css/photoswipe/default-skin/preloader.gif]
[www.arcelonutrifoods.com/wp-content/plugins/woocommerce/assets/css/photoswipe/default-skin/default-skin.minb6a4.css]
[www.arcelonutrifoods.com/wp-content/plugins/elementor/assets/lib/font-awesome/css/fontawesome.min52d5.css]
[www.arcelonutrifoods.com/wp-content/plugins/elementor/assets/lib/font-awesome/webfonts/fa-brands-400.eot]
[www.arcelonutrifoods.com/wp-content/plugins/elementor/assets/lib/font-awesome/webfonts/fa-brands-400d41d.eot]
[www.arcelonutrifoods.com/wp-content/plugins/elementor/assets/lib/font-awesome/webfonts/fa-brands-400.woff2]
[www.arcelonutrifoods.com/wp-content/plugins/elementor/assets/lib/font-awesome/webfonts/fa-brands-400.woff]
[www.arcelonutrifoods.com/wp-content/plugins/elementor/assets/lib/font-awesome/webfonts/fa-brands-400.ttf]
[www.arcelonutrifoods.com/wp-content/plugins/elementor/assets/lib/font-awesome/css/brands.min52d5.css]
[www.arcelonutrifoods.com/wp-content/uploads/2020/08/logo.svg]
[www.arcelonutrifoods.com/wp-json/wp/v2/pages/9.json]
[www.arcelonutrifoods.com/wp-json/oembed/1.0/embed414c.json]
[www.arcelonutrifoods.com/wp-json/oembed/1.0/embed19ec]
[www.arcelonutrifoods.com/wp-content/plugins/woocommerce/assets/js/frontend/country-select.minb6a4.js]
[www.arcelonutrifoods.com/wp-content/plugins/woocommerce/assets/js/frontend/address-i18n.minb6a4.js]
[www.arcelonutrifoods.com/wp-content/plugins/woocommerce/assets/js/frontend/cart.minb6a4.js]
[www.arcelonutrifoods.com/wp-content/plugins/woocommerce/assets/js/selectWoo/selectWoo.full.min4547.js]
[www.arcelonutrifoods.com/wp-content/themes/freshio/assets/js/woocommerce/single.min2c00.js]
[www.arcelonutrifoods.com/cart/index.html]
[www.arcelonutrifoods.com/wp-json/wp/v2/pages/11.json]
[www.arcelonutrifoods.com/wp-json/oembed/1.0/embed629f.json]
[www.arcelonutrifoods.com/wp-json/oembed/1.0/embeddcef]
[www.arcelonutrifoods.com/my-account/index.html]
[www.arcelonutrifoods.com/wp-json/wp/v2/pages/13.json]
[www.arcelonutrifoods.com/wp-json/oembed/1.0/embed91ed.json]
[www.arcelonutrifoods.com/wishlist/index.html]
[www.arcelonutrifoods.com/wp-json/oembed/1.0/embed8afe]
[www.arcelonutrifoods.com/wishlist/WOOSW/index.html]
[www.arcelonutrifoods.com/wp-json/wp/v2/pages/69.json]
[www.arcelonutrifoods.com/wp-json/oembed/1.0/embed0c1a.json]
[www.arcelonutrifoods.com/wp-json/oembed/1.0/embed060d]
[www.arcelonutrifoods.com/wp-content/uploads/2021/12/icon1-h8.jpg]
[www.arcelonutrifoods.com/wp-content/uploads/2021/12/Image-5.png]
[www.arcelonutrifoods.com/wp-content/uploads/2022/04/Image-41.png]
[www.arcelonutrifoods.com/wp-content/uploads/2021/12/Image-6.png]
[www.arcelonutrifoods.com/wp-content/uploads/2020/08/h5_quality.png]
[www.arcelonutrifoods.com/wp-content/uploads/2021/12/Image-3.png]
[www.arcelonutrifoods.com/about-us/index.html]
[www.arcelonutrifoods.com/shop/feed/index.html]
[www.arcelonutrifoods.com/wp-content/themes/freshio/assets/js/woocommerce/off-canvas.min2c00.js]
[www.arcelonutrifoods.com/shop/index64cc.html]
[www.arcelonutrifoods.com/shop/indexef01.html]
[www.arcelonutrifoods.com/wp-includes/js/jquery/ui/slider.min3f14.js]
[www.arcelonutrifoods.com/product-category/peanut-butter/index.html]
[www.arcelonutrifoods.com/product-category/uncategorized/index.html]
[www.arcelonutrifoods.com/product-tag/iure/index.html]
[www.arcelonutrifoods.com/wp-content/plugins/woocommerce/assets/js/jquery-ui-touch-punch/jquery-ui-touch-punch.minb6a4.js]
[www.arcelonutrifoods.com/wp-content/plugins/woocommerce/assets/js/accounting/accounting.minaffb.js]
[www.arcelonutrifoods.com/wp-content/plugins/woocommerce/assets/js/frontend/price-slider.minb6a4.js]
[www.arcelonutrifoods.com/shop/index.html]
[www.arcelonutrifoods.com/wp-json/wp/v2/product/2620.json]
[www.arcelonutrifoods.com/wp-json/oembed/1.0/embed49ff.json]
[www.arcelonutrifoods.com/wp-json/oembed/1.0/embedbd53]
[www.arcelonutrifoods.com/wp-content/uploads/2022/04/natural-creamy.jpg]
[www.arcelonutrifoods.com/wp-content/uploads/2022/04/natural-creamy-800x800.jpg]
[www.arcelonutrifoods.com/wp-content/uploads/2021/11/natural-creamy-500.jpg]
[www.arcelonutrifoods.com/wp-content/uploads/2021/11/natural-creamy-500-800x800.jpg]
[www.arcelonutrifoods.com/wp-content/uploads/2021/11/Natural-Crunchy_2-1.png]
[www.arcelonutrifoods.com/wp-content/uploads/2021/11/Natural-Crunchy_2-1-800x800.png]
[www.arcelonutrifoods.com/wp-content/uploads/2021/11/Natural-Crunchy_3-1.png]
[www.arcelonutrifoods.com/wp-content/uploads/2021/11/Natural-Crunchy_3-1-800x800.png]
[www.arcelonutrifoods.com/wp-content/uploads/2021/11/Natural-Crunchy_4-1.png]
[www.arcelonutrifoods.com/wp-content/uploads/2021/11/Natural-Crunchy_4-1-800x800.png]
[www.arcelonutrifoods.com/wp-content/uploads/2021/11/Natural-Creamy-Square.png]
[www.arcelonutrifoods.com/wp-content/uploads/2021/11/Natural-Creamy-Square-800x800.png]
[www.arcelonutrifoods.com/wp-content/uploads/2021/11/Natural-Creamy-Square-2-1.png]
[www.arcelonutrifoods.com/wp-content/uploads/2021/11/Natural-Creamy-Square-2-1-800x800.png]
[www.arcelonutrifoods.com/_https_/www.arcelonutrifoods.com/wp-content/uploads/2021/11/natural-creamy-500-460x460.jpg/index.html]
[www.arcelonutrifoods.com/_https_/www.arcelonutrifoods.com/wp-content/uploads/2021/11/natural-creamy-460x460.jpg/index.html]
[www.arcelonutrifoods.com/wp-content/plugins/variation-price-display/public/js/vpd-public-script.min1576.js]
[www.arcelonutrifoods.com/wp-content/plugins/woocommerce/assets/js/frontend/single-product.minb6a4.js]
[www.arcelonutrifoods.com/wp-content/themes/freshio/assets/js/sticky-add-to-cart.min2c00.js]
[www.arcelonutrifoods.com/product/natural-creamy/index.html]
[www.arcelonutrifoods.com/wp-json/wp/v2/product/2610.json]
[www.arcelonutrifoods.com/wp-json/oembed/1.0/embed9132.json]
[www.arcelonutrifoods.com/wp-json/oembed/1.0/embed09dd]
[www.arcelonutrifoods.com/wp-content/uploads/2021/11/Classic-Creamy_1.png]
[www.arcelonutrifoods.com/wp-content/uploads/2021/11/Classic-Creamy_1-800x800.png]
[www.arcelonutrifoods.com/wp-content/uploads/2022/04/classic-creamy500.jpg]
[www.arcelonutrifoods.com/wp-content/uploads/2022/04/classic-creamy500-800x800.jpg]
[www.arcelonutrifoods.com/wp-content/uploads/2021/11/Classic-Creamy_2.png]
[www.arcelonutrifoods.com/wp-content/uploads/2021/11/Classic-Creamy_2-800x800.png]
[www.arcelonutrifoods.com/wp-content/uploads/2021/11/Classic-Creamy_3.png]
[www.arcelonutrifoods.com/wp-content/uploads/2021/11/Classic-Creamy_3-800x800.png]
[www.arcelonutrifoods.com/wp-content/uploads/2021/11/Classic-Creamy_4.png]
[www.arcelonutrifoods.com/wp-content/uploads/2021/11/Classic-Creamy_4-800x800.png]
[www.arcelonutrifoods.com/wp-content/uploads/2021/11/Classic-Creamy-Square.png]
[www.arcelonutrifoods.com/wp-content/uploads/2021/11/Classic-Creamy-Square-800x800.png]
[www.arcelonutrifoods.com/wp-content/uploads/2021/11/Classic-Creamy-Square-2-1.png]
[www.arcelonutrifoods.com/wp-content/uploads/2021/11/Classic-Creamy-Square-2-1-800x800.png]
[www.arcelonutrifoods.com/product/classic-creamy/index.html]
[www.arcelonutrifoods.com/_https_/www.arcelonutrifoods.com/wp-content/uploads/2022/04/classic-creamy-460x460.jpg/index.html]
[www.arcelonutrifoods.com/wp-json/wp/v2/product/2818.json]
[www.arcelonutrifoods.com/_https_/www.arcelonutrifoods.com/wp-content/uploads/2022/04/classic-creamy500-460x460.jpg/index.html]
[www.arcelonutrifoods.com/wp-json/oembed/1.0/embed05e4.json]
[www.arcelonutrifoods.com/wp-json/oembed/1.0/embed947e]
[www.arcelonutrifoods.com/wp-content/uploads/2022/04/Chocolate-Creamy_1.png]
[www.arcelonutrifoods.com/wp-content/uploads/2022/04/Chocolate-Creamy_1-800x800.png]
[www.arcelonutrifoods.com/wp-content/uploads/2022/04/chocolate-creamy500.jpg]
[www.arcelonutrifoods.com/wp-content/uploads/2022/04/chocolate-creamy500-800x800.jpg]
[www.arcelonutrifoods.com/wp-content/uploads/2022/04/Chocolate-Creamy_2.png]
[www.arcelonutrifoods.com/wp-content/uploads/2022/04/Chocolate-Creamy_2-800x800.png]
[www.arcelonutrifoods.com/wp-content/uploads/2022/04/Chocolate-Creamy_4.png]
[www.arcelonutrifoods.com/wp-content/uploads/2022/04/Chocolate-Creamy_4-800x800.png]
[www.arcelonutrifoods.com/wp-content/uploads/2022/04/Chocolate-Creamy_3.png]
[www.arcelonutrifoods.com/wp-content/uploads/2022/04/Chocolate-Creamy_3-800x800.png]
[www.arcelonutrifoods.com/wp-content/uploads/2022/04/Chocolate-Creamy-Square-3.png]
[www.arcelonutrifoods.com/wp-content/uploads/2022/04/Chocolate-Creamy-Square-3-800x800.png]
[www.arcelonutrifoods.com/wp-content/uploads/2022/04/Chocolate-Creamy-Square-2-2.png]
[www.arcelonutrifoods.com/wp-content/uploads/2022/04/Chocolate-Creamy-Square-2-2-800x800.png]
[www.arcelonutrifoods.com/product/chocolate-creamy/index.html]
[www.arcelonutrifoods.com/_https_/www.arcelonutrifoods.com/wp-content/uploads/2022/04/chocolate-creamy-460x460.jpg/index.html]
[www.arcelonutrifoods.com/_https_/www.arcelonutrifoods.com/wp-content/uploads/2022/04/chocolate-creamy500-460x460.jpg/index.html]
[www.arcelonutrifoods.com/wp-json/wp/v2/product/2622.json]
[www.arcelonutrifoods.com/wp-json/oembed/1.0/embed30e0.json]
[www.arcelonutrifoods.com/wp-json/oembed/1.0/embed18b9]
[www.arcelonutrifoods.com/wp-content/uploads/2021/11/Natural-Crunchy_1.png]
[www.arcelonutrifoods.com/wp-content/uploads/2021/11/Natural-Crunchy_1-800x800.png]
[www.arcelonutrifoods.com/wp-content/uploads/2022/04/natural-crunchy500.jpg]
[www.arcelonutrifoods.com/wp-content/uploads/2022/04/natural-crunchy500-800x800.jpg]
[www.arcelonutrifoods.com/wp-content/uploads/2021/11/Natural-Crunchy_2.png]
[www.arcelonutrifoods.com/wp-content/uploads/2021/11/Natural-Crunchy_2-800x800.png]
[www.arcelonutrifoods.com/wp-content/uploads/2021/11/Natural-Crunchy_3.png]
[www.arcelonutrifoods.com/wp-content/uploads/2021/11/Natural-Crunchy_3-800x800.png]
[www.arcelonutrifoods.com/wp-content/uploads/2021/11/Natural-Crunchy_4.png]
[www.arcelonutrifoods.com/wp-content/uploads/2021/11/Natural-Crunchy_4-800x800.png]
[www.arcelonutrifoods.com/wp-content/uploads/2021/11/Natural-Crunchy-Square.png]
[www.arcelonutrifoods.com/wp-content/uploads/2021/11/Natural-Crunchy-Square-800x800.png]
[www.arcelonutrifoods.com/wp-content/uploads/2021/11/Natural-Crunchy-Square-2-1.png]
[www.arcelonutrifoods.com/wp-content/uploads/2021/11/Natural-Crunchy-Square-2-1-800x800.png]
[www.arcelonutrifoods.com/product/natural-crunchy/index.html]
[www.arcelonutrifoods.com/_https_/www.arcelonutrifoods.com/wp-content/uploads/2022/04/natural-crunchy-460x460.jpg/index.html]
[www.arcelonutrifoods.com/_https_/www.arcelonutrifoods.com/wp-content/uploads/2022/04/natural-crunchy500-460x460.jpg/index.html]
[www.arcelonutrifoods.com/wp-json/wp/v2/product/2612.json]
[www.arcelonutrifoods.com/wp-json/oembed/1.0/embed57d2.json]
[www.arcelonutrifoods.com/wp-json/oembed/1.0/embed902b]
[www.arcelonutrifoods.com/wp-content/uploads/2021/11/Classic-Crunchy_1.png]
[www.arcelonutrifoods.com/wp-content/uploads/2021/11/Classic-Crunchy_1-800x800.png]
[www.arcelonutrifoods.com/wp-content/uploads/2022/04/classic-crunchy500.jpg]
[www.arcelonutrifoods.com/wp-content/uploads/2022/04/classic-crunchy500-800x800.jpg]
[www.arcelonutrifoods.com/wp-content/uploads/2021/11/Classic-Crunchy_2.png]
[www.arcelonutrifoods.com/wp-content/uploads/2021/11/Classic-Crunchy_2-800x800.png]
[www.arcelonutrifoods.com/wp-content/uploads/2021/11/Classic-Crunchy_3.png]
[www.arcelonutrifoods.com/wp-content/uploads/2021/11/Classic-Crunchy_3-800x800.png]
[www.arcelonutrifoods.com/wp-content/uploads/2021/11/Classic-Crunchy_4.png]
[www.arcelonutrifoods.com/wp-content/uploads/2021/11/Classic-Crunchy_4-800x800.png]
[www.arcelonutrifoods.com/wp-content/uploads/2021/11/Classic-Crunchy-Square.png]
[www.arcelonutrifoods.com/wp-content/uploads/2021/11/Classic-Crunchy-Square-800x800.png]
[www.arcelonutrifoods.com/wp-content/uploads/2021/11/Classic-Crunchy-Square-2-1.png]
[www.arcelonutrifoods.com/wp-content/uploads/2021/11/Classic-Crunchy-Square-2-1-800x800.png]
[www.arcelonutrifoods.com/product/classic-crunchy/index.html]
[www.arcelonutrifoods.com/_https_/www.arcelonutrifoods.com/wp-content/uploads/2022/04/classic-crunchy-460x460.jpg/index.html]
[www.arcelonutrifoods.com/wp-json/wp/v2/product/2822.json]
[www.arcelonutrifoods.com/_https_/www.arcelonutrifoods.com/wp-content/uploads/2022/04/classic-crunchy500-460x460.jpg/index.html]
[www.arcelonutrifoods.com/wp-json/oembed/1.0/embedb91c.json]
[www.arcelonutrifoods.com/wp-json/oembed/1.0/embed80e0]
[www.arcelonutrifoods.com/wp-content/uploads/2022/04/Chocolate-Crunchy_1.png]
[www.arcelonutrifoods.com/wp-content/uploads/2022/04/Chocolate-Crunchy_1-800x800.png]
[www.arcelonutrifoods.com/wp-content/uploads/2022/04/chocolate-crunchy500.jpg]
[www.arcelonutrifoods.com/wp-content/uploads/2022/04/chocolate-crunchy500-800x800.jpg]
[www.arcelonutrifoods.com/wp-content/uploads/2022/04/Chocolate-Crunchy_4.png]
[www.arcelonutrifoods.com/wp-content/uploads/2022/04/Chocolate-Crunchy_4-800x800.png]
[www.arcelonutrifoods.com/wp-content/uploads/2022/04/Chocolate-Crunchy_3.png]
[www.arcelonutrifoods.com/wp-content/uploads/2022/04/Chocolate-Crunchy_3-800x800.png]
[www.arcelonutrifoods.com/wp-content/uploads/2022/04/Chocolate-Crunchy_2.png]
[www.arcelonutrifoods.com/wp-content/uploads/2022/04/Chocolate-Crunchy_2-800x800.png]
[www.arcelonutrifoods.com/wp-content/uploads/2021/11/Chocolate-Crunchy-Square-3.png]
[www.arcelonutrifoods.com/wp-content/uploads/2021/11/Chocolate-Crunchy-Square-3-800x800.png]
[www.arcelonutrifoods.com/wp-content/uploads/2021/11/Chocolate-Crunchy-Square-2.png]
[www.arcelonutrifoods.com/wp-content/uploads/2021/11/Chocolate-Crunchy-Square-2-800x800.png]
[www.arcelonutrifoods.com/product/chocolate-crunchy/index.html]
[www.arcelonutrifoods.com/_https_/www.arcelonutrifoods.com/wp-content/uploads/2022/04/chocolate-crunchy-460x460.jpg/index.html]
[www.arcelonutrifoods.com/_https_/www.arcelonutrifoods.com/wp-content/uploads/2022/04/chocolate-crunchy500-460x460.jpg/index.html]
[www.arcelonutrifoods.com/wp-json/wp/v2/pages/2935.json]
[www.arcelonutrifoods.com/wp-json/oembed/1.0/embed683c.json]
[www.arcelonutrifoods.com/wp-json/oembed/1.0/embed8ce2]
[www.arcelonutrifoods.com/wp-content/uploads/2022/07/fssi.jpg]
[www.arcelonutrifoods.com/wp-content/uploads/2022/07/gst.jpg]
[www.arcelonutrifoods.com/wp-content/uploads/2022/07/rcmc.jpg]
[www.arcelonutrifoods.com/wp-content/uploads/2022/07/msme.jpg]
[www.arcelonutrifoods.com/wp-content/uploads/2022/07/Halal-India.jpg]
[www.arcelonutrifoods.com/certificates/index.html]
[www.arcelonutrifoods.com/wp-json/wp/v2/pages/88.json]
[www.arcelonutrifoods.com/wp-json/oembed/1.0/embed717e.json]
[www.arcelonutrifoods.com/wp-json/oembed/1.0/embedd75b]
[www.arcelonutrifoods.com/wp-content/uploads/2021/12/Image-7.png]
[www.arcelonutrifoods.com/wp-content/uploads/2020/08/h4_leaf-1.png]
[www.arcelonutrifoods.com/wp-content/uploads/2020/08/h4_leaf-2.png]
[www.arcelonutrifoods.com/wp-content/uploads/2020/08/h4_leaf-3.png]
[www.arcelonutrifoods.com/contact-us/index.html]
[www.arcelonutrifoods.com/wp-json/wp/v2/pages/12.json]
[www.arcelonutrifoods.com/wp-json/oembed/1.0/embed239b.json]
[www.arcelonutrifoods.com/wp-json/oembed/1.0/embed57ae]
[www.arcelonutrifoods.com/refund-policy/index.html]
[www.arcelonutrifoods.com/wp-json/wp/v2/pages/3.json]
[www.arcelonutrifoods.com/privacy-policy-2/feed/index.html]
[www.arcelonutrifoods.com/wp-json/oembed/1.0/embeda0c2.json]
[www.arcelonutrifoods.com/wp-json/oembed/1.0/embedbd26]
[www.arcelonutrifoods.com/privacy-policy-2/index.html]
[www.arcelonutrifoods.com/wp-json/wp/v2/pages/2925.json]
[www.arcelonutrifoods.com/wp-json/oembed/1.0/embed3e1f.json]
[www.arcelonutrifoods.com/wp-json/oembed/1.0/embed9c89]
[www.arcelonutrifoods.com/shipping-policy/index.html]
[www.arcelonutrifoods.com/wp-json/wp/v2/pages/1292.json]
[www.arcelonutrifoods.com/terms-and-conditions/feed/index.html]
[www.arcelonutrifoods.com/wp-json/oembed/1.0/embed7bcc.json]
[www.arcelonutrifoods.com/wp-json/oembed/1.0/embed4e4e]
[www.arcelonutrifoods.com/terms-and-conditions/index.html]
[www.arcelonutrifoods.com/wp-includes/js/zxcvbn-async.min5152.js]
[www.arcelonutrifoods.com/wp-content/plugins/woocommerce/assets/js/frontend/password-strength-meter.minb6a4.js]
[www.arcelonutrifoods.com/wp-content/plugins/woocommerce/assets/js/frontend/lost-password.minb6a4.js]
[www.arcelonutrifoods.com/my-account/lost-password/index.html]
[fonts.googleapis.com/csscfd7.css]
[www.arcelonutrifoods.com/wp-content/plugins/elementor/assets/lib/animations/animations.minf4e1.css]
[www.arcelonutrifoods.com/wp-content/plugins/revslider/public/assets/fonts/revicons/revicons90c6.eot]
[www.arcelonutrifoods.com/wp-content/plugins/revslider/public/assets/fonts/revicons/revicons90c6.ttf]
[www.arcelonutrifoods.com/wp-content/plugins/revslider/public/assets/assets/gridtile.png]
[www.arcelonutrifoods.com/wp-content/plugins/revslider/public/assets/assets/gridtile_white.png]
[www.arcelonutrifoods.com/wp-content/plugins/revslider/public/assets/assets/gridtile_3x3.png]
[www.arcelonutrifoods.com/wp-content/plugins/revslider/public/assets/assets/gridtile_3x3_white.png]
[www.arcelonutrifoods.com/wp-content/plugins/revslider/public/assets/assets/coloredbg.png]
[www.arcelonutrifoods.com/wp-content/plugins/revslider/public/assets/assets/loader.gif]
[www.arcelonutrifoods.com/wp-content/plugins/revslider/public/assets/css/rs6b134.css]
[gmpg.org/xfn/default.css]
[gmpg.org/xfn/.html]
[gmpg.org/xfn/intro.html]
[gmpg.org/xfn/faq.html]
[www.arcelonutrifoods.com/wp-content/plugins/woo-smart-compare/assets/images/close.svg]
[www.arcelonutrifoods.com/wp-content/plugins/woo-smart-compare/assets/images/curve.svg]
[www.arcelonutrifoods.com/wp-content/plugins/woo-smart-compare/assets/images/remove-dark.svg]
[www.arcelonutrifoods.com/wp-content/plugins/woo-smart-compare/assets/images/checkbox-dark.svg]
[www.arcelonutrifoods.com/wp-content/plugins/woo-smart-compare/assets/images/add.svg]
[www.arcelonutrifoods.com/wp-content/plugins/woo-smart-compare/assets/images/share.svg]
[www.arcelonutrifoods.com/wp-content/plugins/woo-smart-compare/assets/images/trash.svg]
[www.arcelonutrifoods.com/wp-content/plugins/woo-smart-compare/assets/images/remove.svg]
[www.arcelonutrifoods.com/wp-content/plugins/woo-smart-compare/assets/images/close-dark.svg]
[www.arcelonutrifoods.com/wp-content/plugins/woo-smart-quick-view/assets/libs/feather/fonts/feather.svg]
[www.arcelonutrifoods.com/wp-content/plugins/woo-smart-quick-view/assets/images/close.svg]
[www.arcelonutrifoods.com/wp-content/plugins/woo-smart-quick-view/assets/images/curve.svg]
[www.arcelonutrifoods.com/wp-content/plugins/woo-smart-quick-view/assets/images/close-dark.svg]
[www.arcelonutrifoods.com/wp-content/plugins/woo-smart-wishlist/assets/libs/feather/fonts/feather.svg]
[www.arcelonutrifoods.com/wp-content/plugins/woo-smart-wishlist/assets/images/curve.svg]
[www.arcelonutrifoods.com/wp-content/plugins/yith-woocommerce-badges-management/assets/fonts/open-sans/open-sans-v27-latin-ext_latin-regular.svg]
[www.arcelonutrifoods.com/wp-content/plugins/yith-woocommerce-badges-management/assets/fonts/open-sans/open-sans-v27-latin-ext_latin-700.svg]
[www.arcelonutrifoods.com/wp-content/plugins/yith-woocommerce-badges-management/assets/fonts/open-sans/open-sans-v27-latin-ext_latin-italic.svg]
[www.arcelonutrifoods.com/wp-content/plugins/yith-woocommerce-badges-management/assets/fonts/open-sans/open-sans-v27-latin-ext_latin-700italic.svg]
[www.arcelonutrifoods.com/wp-content/themes/freshio/assets/fonts/new/MazzardSoftH-Regular.svg]
[www.arcelonutrifoods.com/wp-content/themes/freshio/assets/fonts/new/MazzardSoftH-Bold.svg]
[www.arcelonutrifoods.com/wp-content/themes/freshio/assets/fonts/slick.svg]
[www.arcelonutrifoods.com/wp-content/themes/freshio/assets/fonts/freshio-icon.svg]
[www.arcelonutrifoods.com/wp-content/plugins/elementor/assets/lib/eicons/fonts/eicons5519.svg]
[www.arcelonutrifoods.com/wp-content/plugins/woocommerce/assets/fonts/star.svg]
[www.arcelonutrifoods.com/wp-content/themes/freshio/assets/images/credit-cards/unknown.svg]
[www.arcelonutrifoods.com/wp-content/themes/freshio/assets/images/credit-cards/visa.svg]
[www.arcelonutrifoods.com/wp-content/themes/freshio/assets/images/credit-cards/mastercard.svg]
[www.arcelonutrifoods.com/wp-content/themes/freshio/assets/images/credit-cards/laser.svg]
[www.arcelonutrifoods.com/wp-content/themes/freshio/assets/images/credit-cards/diners.svg]
[www.arcelonutrifoods.com/wp-content/themes/freshio/assets/images/credit-cards/maestro.svg]
[www.arcelonutrifoods.com/wp-content/themes/freshio/assets/images/credit-cards/jcb.svg]
[www.arcelonutrifoods.com/wp-content/themes/freshio/assets/images/credit-cards/amex.svg]
[www.arcelonutrifoods.com/wp-content/themes/freshio/assets/images/credit-cards/discover.svg]
[www.arcelonutrifoods.com/wp-content/plugins/woocommerce/assets/css/photoswipe/default-skin/default-skin.svg]
[www.arcelonutrifoods.com/wp-content/plugins/elementor/assets/lib/font-awesome/webfonts/fa-brands-400.svg]
[www.arcelonutrifoods.com/wp-content/plugins/woocommerce/assets/css/select2b6a4.css]
[www.arcelonutrifoods.com/indexb5fb.html]
[www.arcelonutrifoods.com/index5757.html]
[www.arcelonutrifoods.com/wishlist/index.html]
[www.arcelonutrifoods.com/index2dc4.html]
[www.arcelonutrifoods.com/wp-content/uploads/elementor/css/post-69cf8d.css]
[www.arcelonutrifoods.com/indexe2dc.html]
[www.arcelonutrifoods.com/shop/index64cc.html]
[www.arcelonutrifoods.com/shop/indexef01.html]
[www.arcelonutrifoods.com/product-category/peanut-butter/feed/index.html]
[www.arcelonutrifoods.com/wp-json/wp/v2/product_cat/126.json]
[www.arcelonutrifoods.com/product-category/peanut-butter/index.html]
[www.arcelonutrifoods.com/product-category/peanut-butter/index64cc.html]
[www.arcelonutrifoods.com/wp-json/wp/v2/product_cat/15.json]
[www.arcelonutrifoods.com/product-category/uncategorized/index.html]
[www.arcelonutrifoods.com/product-category/peanut-butter/indexef01.html]
[www.arcelonutrifoods.com/product-tag/iure/feed/index.html]
[www.arcelonutrifoods.com/product-category/uncategorized/feed/index.html]
[www.arcelonutrifoods.com/wp-json/wp/v2/product_tag/77.json]
[www.arcelonutrifoods.com/product-tag/iure/index.html]
[www.arcelonutrifoods.com/wp-content/plugins/variation-price-display/public/css/vpd-public-style.min1576.css]
[www.arcelonutrifoods.com/index4cdb.html]
[www.arcelonutrifoods.com/_https_/www.arcelonutrifoods.com/wp-content/uploads/2021/11/natural-creamy-500-460x460.jpg/index.html]
[www.arcelonutrifoods.com/_https_/www.arcelonutrifoods.com/wp-content/uploads/2021/11/natural-creamy-460x460.jpg/index.html]
[www.arcelonutrifoods.com/indexe563.html]
[www.arcelonutrifoods.com/_https_/www.arcelonutrifoods.com/wp-content/uploads/2022/04/classic-creamy-460x460.jpg/index.html]
[www.arcelonutrifoods.com/_https_/www.arcelonutrifoods.com/wp-content/uploads/2022/04/classic-creamy500-460x460.jpg/index.html]
[www.arcelonutrifoods.com/index0985.html]
[www.arcelonutrifoods.com/_https_/www.arcelonutrifoods.com/wp-content/uploads/2022/04/chocolate-creamy-460x460.jpg/index.html]
[www.arcelonutrifoods.com/_https_/www.arcelonutrifoods.com/wp-content/uploads/2022/04/chocolate-creamy500-460x460.jpg/index.html]
[www.arcelonutrifoods.com/indexaaad.html]
[www.arcelonutrifoods.com/_https_/www.arcelonutrifoods.com/wp-content/uploads/2022/04/natural-crunchy-460x460.jpg/index.html]
[www.arcelonutrifoods.com/_https_/www.arcelonutrifoods.com/wp-content/uploads/2022/04/natural-crunchy500-460x460.jpg/index.html]
[www.arcelonutrifoods.com/index419b.html]
[www.arcelonutrifoods.com/_https_/www.arcelonutrifoods.com/wp-content/uploads/2022/04/classic-crunchy-460x460.jpg/index.html]
[www.arcelonutrifoods.com/_https_/www.arcelonutrifoods.com/wp-content/uploads/2022/04/classic-crunchy500-460x460.jpg/index.html]
[www.arcelonutrifoods.com/indexac3e.html]
[www.arcelonutrifoods.com/_https_/www.arcelonutrifoods.com/wp-content/uploads/2022/04/chocolate-crunchy-460x460.jpg/index.html]
[www.arcelonutrifoods.com/_https_/www.arcelonutrifoods.com/wp-content/uploads/2022/04/chocolate-crunchy500-460x460.jpg/index.html]
[www.arcelonutrifoods.com/wp-content/uploads/elementor/css/post-2935c558.css]
[www.arcelonutrifoods.com/index650d.html]
[www.arcelonutrifoods.com/wp-content/uploads/elementor/css/post-88a103.css]
[www.arcelonutrifoods.com/index8ed7.html]
[www.arcelonutrifoods.com/index678b.html]
[www.arcelonutrifoods.com/xmlrpc.php]
[www.arcelonutrifoods.com/index2207.html]
[www.arcelonutrifoods.com/index8542.html]
[www.arcelonutrifoods.com/indexfc88.html]
[www.arcelonutrifoods.com/wp-content/plugins/revslider/public/assets/fonts/revicons/revicons90c6.svg]
[www.arcelonutrifoods.com/wp-content/plugins/revslider/public/assets/css/openhand.html]
[www.arcelonutrifoods.com/wp-content/plugins/revslider/public/assets/css/closedhand.html]
[www.arcelonutrifoods.com/product-category/peanut-butter/index64cc.html]
[www.arcelonutrifoods.com/product-category/peanut-butter/indexef01.html]
[www.arcelonutrifoods.com/product-tag/iure/index64cc.html]
[www.arcelonutrifoods.com/product-tag/iure/indexef01.html]
[www.arcelonutrifoods.com/product-tag/iure/index64cc.html]
[www.arcelonutrifoods.com/product-tag/iure/indexef01.html]
